Archive member included to satisfy reference by file (symbol)

/opt/st/stm32cubeide_1.18.1/plugins/com.st.stm32cube.ide.mcu.externaltools.gnu-tools-for-stm32.13.3.rel1.linux64_1.0.0.202410170706/tools/bin/../lib/gcc/arm-none-eabi/13.3.1/../../../../arm-none-eabi/lib/thumb/v7e-m+fp/hard/libc_nano.a(libc_a-exit.o)
                              /opt/st/stm32cubeide_1.18.1/plugins/com.st.stm32cube.ide.mcu.externaltools.gnu-tools-for-stm32.13.3.rel1.linux64_1.0.0.202410170706/tools/bin/../lib/gcc/arm-none-eabi/13.3.1/../../../../arm-none-eabi/lib/thumb/v7e-m+fp/hard/crt0.o (exit)
/opt/st/stm32cubeide_1.18.1/plugins/com.st.stm32cube.ide.mcu.externaltools.gnu-tools-for-stm32.13.3.rel1.linux64_1.0.0.202410170706/tools/bin/../lib/gcc/arm-none-eabi/13.3.1/../../../../arm-none-eabi/lib/thumb/v7e-m+fp/hard/libc_nano.a(libc_a-findfp.o)
                              /opt/st/stm32cubeide_1.18.1/plugins/com.st.stm32cube.ide.mcu.externaltools.gnu-tools-for-stm32.13.3.rel1.linux64_1.0.0.202410170706/tools/bin/../lib/gcc/arm-none-eabi/13.3.1/../../../../arm-none-eabi/lib/thumb/v7e-m+fp/hard/libc_nano.a(libc_a-exit.o) (__stdio_exit_handler)
/opt/st/stm32cubeide_1.18.1/plugins/com.st.stm32cube.ide.mcu.externaltools.gnu-tools-for-stm32.13.3.rel1.linux64_1.0.0.202410170706/tools/bin/../lib/gcc/arm-none-eabi/13.3.1/../../../../arm-none-eabi/lib/thumb/v7e-m+fp/hard/libc_nano.a(libc_a-fwalk.o)
                              /opt/st/stm32cubeide_1.18.1/plugins/com.st.stm32cube.ide.mcu.externaltools.gnu-tools-for-stm32.13.3.rel1.linux64_1.0.0.202410170706/tools/bin/../lib/gcc/arm-none-eabi/13.3.1/../../../../arm-none-eabi/lib/thumb/v7e-m+fp/hard/libc_nano.a(libc_a-findfp.o) (_fwalk_sglue)
/opt/st/stm32cubeide_1.18.1/plugins/com.st.stm32cube.ide.mcu.externaltools.gnu-tools-for-stm32.13.3.rel1.linux64_1.0.0.202410170706/tools/bin/../lib/gcc/arm-none-eabi/13.3.1/../../../../arm-none-eabi/lib/thumb/v7e-m+fp/hard/libc_nano.a(libc_a-stdio.o)
                              /opt/st/stm32cubeide_1.18.1/plugins/com.st.stm32cube.ide.mcu.externaltools.gnu-tools-for-stm32.13.3.rel1.linux64_1.0.0.202410170706/tools/bin/../lib/gcc/arm-none-eabi/13.3.1/../../../../arm-none-eabi/lib/thumb/v7e-m+fp/hard/libc_nano.a(libc_a-findfp.o) (__sread)
/opt/st/stm32cubeide_1.18.1/plugins/com.st.stm32cube.ide.mcu.externaltools.gnu-tools-for-stm32.13.3.rel1.linux64_1.0.0.202410170706/tools/bin/../lib/gcc/arm-none-eabi/13.3.1/../../../../arm-none-eabi/lib/thumb/v7e-m+fp/hard/libc_nano.a(libc_a-memset.o)
                              /opt/st/stm32cubeide_1.18.1/plugins/com.st.stm32cube.ide.mcu.externaltools.gnu-tools-for-stm32.13.3.rel1.linux64_1.0.0.202410170706/tools/bin/../lib/gcc/arm-none-eabi/13.3.1/../../../../arm-none-eabi/lib/thumb/v7e-m+fp/hard/crt0.o (memset)
/opt/st/stm32cubeide_1.18.1/plugins/com.st.stm32cube.ide.mcu.externaltools.gnu-tools-for-stm32.13.3.rel1.linux64_1.0.0.202410170706/tools/bin/../lib/gcc/arm-none-eabi/13.3.1/../../../../arm-none-eabi/lib/thumb/v7e-m+fp/hard/libc_nano.a(libc_a-closer.o)
                              /opt/st/stm32cubeide_1.18.1/plugins/com.st.stm32cube.ide.mcu.externaltools.gnu-tools-for-stm32.13.3.rel1.linux64_1.0.0.202410170706/tools/bin/../lib/gcc/arm-none-eabi/13.3.1/../../../../arm-none-eabi/lib/thumb/v7e-m+fp/hard/libc_nano.a(libc_a-stdio.o) (_close_r)
/opt/st/stm32cubeide_1.18.1/plugins/com.st.stm32cube.ide.mcu.externaltools.gnu-tools-for-stm32.13.3.rel1.linux64_1.0.0.202410170706/tools/bin/../lib/gcc/arm-none-eabi/13.3.1/../../../../arm-none-eabi/lib/thumb/v7e-m+fp/hard/libc_nano.a(libc_a-reent.o)
                              /opt/st/stm32cubeide_1.18.1/plugins/com.st.stm32cube.ide.mcu.externaltools.gnu-tools-for-stm32.13.3.rel1.linux64_1.0.0.202410170706/tools/bin/../lib/gcc/arm-none-eabi/13.3.1/../../../../arm-none-eabi/lib/thumb/v7e-m+fp/hard/libc_nano.a(libc_a-closer.o) (errno)
/opt/st/stm32cubeide_1.18.1/plugins/com.st.stm32cube.ide.mcu.externaltools.gnu-tools-for-stm32.13.3.rel1.linux64_1.0.0.202410170706/tools/bin/../lib/gcc/arm-none-eabi/13.3.1/../../../../arm-none-eabi/lib/thumb/v7e-m+fp/hard/libc_nano.a(libc_a-impure.o)
                              /opt/st/stm32cubeide_1.18.1/plugins/com.st.stm32cube.ide.mcu.externaltools.gnu-tools-for-stm32.13.3.rel1.linux64_1.0.0.202410170706/tools/bin/../lib/gcc/arm-none-eabi/13.3.1/../../../../arm-none-eabi/lib/thumb/v7e-m+fp/hard/libc_nano.a(libc_a-reent.o) (_impure_ptr)
/opt/st/stm32cubeide_1.18.1/plugins/com.st.stm32cube.ide.mcu.externaltools.gnu-tools-for-stm32.13.3.rel1.linux64_1.0.0.202410170706/tools/bin/../lib/gcc/arm-none-eabi/13.3.1/../../../../arm-none-eabi/lib/thumb/v7e-m+fp/hard/libc_nano.a(libc_a-lseekr.o)
                              /opt/st/stm32cubeide_1.18.1/plugins/com.st.stm32cube.ide.mcu.externaltools.gnu-tools-for-stm32.13.3.rel1.linux64_1.0.0.202410170706/tools/bin/../lib/gcc/arm-none-eabi/13.3.1/../../../../arm-none-eabi/lib/thumb/v7e-m+fp/hard/libc_nano.a(libc_a-stdio.o) (_lseek_r)
[...]
Memory Configuration

Name             Origin             Length             Attributes
CCMRAM           0x10000000         0x00010000         xrw
RAM              0x20000000         0x00020000         xrw
FLASH            0x08000000         0x00100000         xr
*default*        0x00000000         0xffffffff

Linker script and memory map

LOAD /opt/st/stm32cubeide_1.18.1/plugins/com.st.stm32cube.ide.mcu.externaltools.gnu-tools-for-stm32.13.3.rel1.linux64_1.0.0.202410170706/tools/bin/../lib/gcc/arm-none-eabi/13.3.1/thumb/v7e-m+fp/hard/crti.o
LOAD /opt/st/stm32cubeide_1.18.1/plugins/com.st.stm32cube.ide.mcu.externaltools.gnu-tools-for-stm32.13.3.rel1.linux64_1.0.0.202410170706/tools/bin/../lib/gcc/arm-none-eabi/13.3.1/thumb/v7e-m+fp/hard/crtbegin.o
LOAD /opt/st/stm32cubeide_1.18.1/plugins/com.st.stm32cube.ide.mcu.externaltools.gnu-tools-for-stm32.13.3.rel1.linux64_1.0.0.202410170706/tools/bin/../lib/gcc/arm-none-eabi/13.3.1/../../../../arm-none-eabi/lib/thumb/v7e-m+fp/hard/crt0.o
LOAD ./Core/Src/button_led_irq.o
LOAD ./Core/Src/stm32f4xx_gpio_driver.o
LOAD ./Core/Src/syscalls.o
LOAD ./Core/Src/sysmem.o
LOAD ./Core/Src/system_stm32f4xx.o
LOAD ./Core/Startup/startup_stm32f407vgtx.o
START GROUP
LOAD /opt/st/stm32cubeide_1.18.1/plugins/com.st.stm32cube.ide.mcu.externaltools.gnu-tools-for-stm32.13.3.rel1.linux64_1.0.0.202410170706/tools/bin/../lib/gcc/arm-none-eabi/13.3.1/../../../../arm-none-eabi/lib/thumb/v7e-m+fp/hard/libc_nano.a
LOAD /opt/st/stm32cubeide_1.18.1/plugins/com.st.stm32cube.ide.mcu.externaltools.gnu-tools-for-stm32.13.3.rel1.linux64_1.0.0.202410170706/tools/bin/../lib/gcc/arm-none-eabi/13.3.1/../../../../arm-none-eabi/lib/thumb/v7e-m+fp/hard/libm.a
END GROUP
START GROUP
LOAD /opt/st/stm32cubeide_1.18.1/plugins/com.st.stm32cube.ide.mcu.externaltools.gnu-tools-for-stm32.13.3.rel1.linux64_1.0.0.202410170706/tools/bin/../lib/gcc/arm-none-eabi/13.3.1/thumb/v7e-m+fp/hard/libgcc.a
LOAD /opt/st/stm32cubeide_1.18.1/plugins/com.st.stm32cube.ide.mcu.externaltools.gnu-tools-for-stm32.13.3.rel1.linux64_1.0.0.202410170706/tools/bin/../lib/gcc/arm-none-eabi/13.3.1/../../../../arm-none-eabi/lib/thumb/v7e-m+fp/hard/libc_nano.a
END GROUP
START GROUP
LOAD /opt/st/stm32cubeide_1.18.1/plugins/com.st.stm32cube.ide.mcu.externaltools.gnu-tools-for-stm32.13.3.rel1.linux64_1.0.0.202410170706/tools/bin/../lib/gcc/arm-none-eabi/13.3.1/thumb/v7e-m+fp/hard/libgcc.a
LOAD /opt/st/stm32cubeide_1.18.1/plugins/com.st.stm32cube.ide.mcu.externaltools.gnu-tools-for-stm32.13.3.rel1.linux64_1.0.0.202410170706/tools/bin/../lib/gcc/arm-none-eabi/13.3.1/../../../../arm-none-eabi/lib/thumb/v7e-m+fp/hard/libc_nano.a
LOAD /opt/st/stm32cubeide_1.18.1/plugins/com.st.stm32cube.ide.mcu.externaltools.gnu-tools-for-stm32.13.3.rel1.linux64_1.0.0.202410170706/tools/bin/../lib/gcc/arm-none-eabi/13.3.1/../../../../arm-none-eabi/lib/thumb/v7e-m+fp/hard/libnosys.a
END GROUP
START GROUP
LOAD /opt/st/stm32cubeide_1.18.1/plugins/com.st.stm32cube.ide.mcu.externaltools.gnu-tools-for-stm32.13.3.rel1.linux64_1.0.0.202410170706/tools/bin/../lib/gcc/arm-none-eabi/13.3.1/thumb/v7e-m+fp/hard/libgcc.a
LOAD /opt/st/stm32cubeide_1.18.1/plugins/com.st.stm32cube.ide.mcu.externaltools.gnu-tools-for-stm32.13.3.rel1.linux64_1.0.0.202410170706/tools/bin/../lib/gcc/arm-none-eabi/13.3.1/../../../../arm-none-eabi/lib/thumb/v7e-m+fp/hard/libc_nano.a
LOAD /opt/st/stm32cubeide_1.18.1/plugins/com.st.stm32cube.ide.mcu.externaltools.gnu-tools-for-stm32.13.3.rel1.linux64_1.0.0.202410170706/tools/bin/../lib/gcc/arm-none-eabi/13.3.1/../../../../arm-none-eabi/lib/thumb/v7e-m+fp/hard/libnosys.a
END GROUP
LOAD /opt/st/stm32cubeide_1.18.1/plugins/com.st.stm32cube.ide.mcu.externaltools.gnu-tools-for-stm32.13.3.rel1.linux64_1.0.0.202410170706/tools/bin/../lib/gcc/arm-none-eabi/13.3.1/thumb/v7e-m+fp/hard/crtend.o
LOAD /opt/st/stm32cubeide_1.18.1/plugins/com.st.stm32cube.ide.mcu.externaltools.gnu-tools-for-stm32.13.3.rel1.linux64_1.0.0.202410170706/tools/bin/../lib/gcc/arm-none-eabi/13.3.1/thumb/v7e-m+fp/hard/crtn.o
                0x20020000                        _estack = (ORIGIN (RAM) + LENGTH (RAM))
                0x00000200                        _Min_Heap_Size = 0x200
                0x00000400                        _Min_Stack_Size = 0x400

.isr_vector     0x08000000      0x188
                0x08000000                        . = ALIGN (0x4)
 *(.isr_vector)
 .isr_vector    0x08000000      0x188 ./Core/Startup/startup_stm32f407vgtx.o
                0x08000000                g_pfnVectors
                0x08000188                        . = ALIGN (0x4)

.text           0x08000188      0x788
                0x08000188                        . = ALIGN (0x4)
 *(.text)
 .text          0x08000188       0x40 /opt/st/stm32cubeide_1.18.1/plugins/com.st.stm32cube.ide.mcu.externaltools.gnu-tools-for-stm32.13.3.rel1.linux64_1.0.0.202410170706/tools/bin/../lib/gcc/arm-none-eabi/13.3.1/thumb/v7e-m+fp/hard/crtbegin.o
 *(.text*)
 .text.main     0x080001c8       0x8c ./Core/Src/button_led_irq.o
                0x080001c8                main
 .text.EXTI0_IRQHandler
                0x08000254       0x1c ./Core/Src/button_led_irq.o
                0x08000254                EXTI0_IRQHandler
 .text.GPIO_PerClockControl
                0x08000270       0xd8 ./Core/Src/stm32f4xx_gpio_driver.o
                0x08000270                GPIO_PerClockControl
 .text.GPIO_Init
                0x08000348      0x314 ./Core/Src/stm32f4xx_gpio_driver.o
                0x08000348                GPIO_Init
 .text.GPIO_ToggleOutputPin
                0x0800065c       0x2a ./Core/Src/stm32f4xx_gpio_driver.o
                0x0800065c                GPIO_ToggleOutputPin
 *fill*         0x08000686        0x2 
 .text.GPIO_IRQConfig
                0x08000688      0x10c ./Core/Src/stm32f4xx_gpio_driver.o
                0x08000688                GPIO_IRQConfig
 .text.GPIO_IRQPrior
                0x08000794       0x54 ./Core/Src/stm32f4xx_gpio_driver.o
                0x08000794                GPIO_IRQPrior
 .text.GPIO_IRQHanling
                0x080007e8       0x40 ./Core/Src/stm32f4xx_gpio_driver.o
                0x080007e8                GPIO_IRQHanling
 .text.SystemInit
                0x08000828       0x24 ./Core/Src/system_stm32f4xx.o
                0x08000828                SystemInit
 .text.Reset_Handler
                0x0800084c       0x50 ./Core/Startup/startup_stm32f407vgtx.o
                0x0800084c                Reset_Handler
 .text.Default_Handler
                0x0800089c        0x2 ./Core/Startup/startup_stm32f407vgtx.o
                0x0800089c                RTC_Alarm_IRQHandler
                0x0800089c                HASH_RNG_IRQHandler
                0x0800089c                EXTI2_IRQHandler
                0x0800089c                TIM8_CC_IRQHandler
                0x0800089c                DebugMon_Handler
                0x0800089c                TIM1_CC_IRQHandler
                0x0800089c                DMA2_Stream5_IRQHandler
                0x0800089c                HardFault_Handler
                0x0800089c                DMA1_Stream5_IRQHandler
                0x0800089c                SysTick_Handler
                0x0800089c                PVD_IRQHandler
                0x0800089c                SDIO_IRQHandler
                0x0800089c                TAMP_STAMP_IRQHandler
                0x0800089c                PendSV_Handler
                0x0800089c                NMI_Handler
                0x0800089c                CAN2_RX1_IRQHandler
                0x0800089c                EXTI3_IRQHandler
                0x0800089c                TIM8_TRG_COM_TIM14_IRQHandler
                0x0800089c                TIM1_UP_TIM10_IRQHandler
                0x0800089c                TIM8_UP_TIM13_IRQHandler
                0x0800089c                I2C3_ER_IRQHandler
                0x0800089c                I2C2_EV_IRQHandler
                0x0800089c                DMA1_Stream2_IRQHandler
                0x0800089c                CAN1_RX0_IRQHandler
                0x0800089c                FPU_IRQHandler
                0x0800089c                OTG_HS_WKUP_IRQHandler
                0x0800089c                UsageFault_Handler
                0x0800089c                CAN2_SCE_IRQHandler
                0x0800089c                DMA2_Stream2_IRQHandler
                0x0800089c                SPI1_IRQHandler
                0x0800089c                TIM6_DAC_IRQHandler
                0x0800089c                TIM1_BRK_TIM9_IRQHandler
                0x0800089c                DCMI_IRQHandler
                0x0800089c                CAN2_RX0_IRQHandler
                0x0800089c                DMA2_Stream3_IRQHandler
                0x0800089c                USART6_IRQHandler
                0x0800089c                USART3_IRQHandler
                0x0800089c                CAN1_RX1_IRQHandler
                0x0800089c                UART5_IRQHandler
                0x0800089c                DMA2_Stream0_IRQHandler
                0x0800089c                TIM4_IRQHandler
                0x0800089c                I2C1_EV_IRQHandler
                0x0800089c                DMA1_Stream6_IRQHandler
                0x0800089c                DMA1_Stream1_IRQHandler
                0x0800089c                UART4_IRQHandler
                0x0800089c                TIM3_IRQHandler
                0x0800089c                RCC_IRQHandler
                0x0800089c                TIM8_BRK_TIM12_IRQHandler
                0x0800089c                Default_Handler
                0x0800089c                EXTI15_10_IRQHandler
                0x0800089c                ADC_IRQHandler
                0x0800089c                DMA1_Stream7_IRQHandler
                0x0800089c                TIM7_IRQHandler
                0x0800089c                CAN2_TX_IRQHandler
                0x0800089c                TIM5_IRQHandler
                0x0800089c                DMA2_Stream7_IRQHandler
                0x0800089c                I2C3_EV_IRQHandler
                0x0800089c                EXTI9_5_IRQHandler
                0x0800089c                RTC_WKUP_IRQHandler
                0x0800089c                ETH_WKUP_IRQHandler
                0x0800089c                SPI2_IRQHandler
                0x0800089c                OTG_HS_EP1_IN_IRQHandler
                0x0800089c                MemManage_Handler
                0x0800089c                DMA1_Stream0_IRQHandler
                0x0800089c                CAN1_TX_IRQHandler
                0x0800089c                SVC_Handler
                0x0800089c                EXTI4_IRQHandler
                0x0800089c                FSMC_IRQHandler
                0x0800089c                ETH_IRQHandler
                0x0800089c                OTG_HS_EP1_OUT_IRQHandler
                0x0800089c                WWDG_IRQHandler
                0x0800089c                TIM2_IRQHandler
                0x0800089c                OTG_FS_WKUP_IRQHandler
                0x0800089c                TIM1_TRG_COM_TIM11_IRQHandler
                0x0800089c                OTG_HS_IRQHandler
                0x0800089c                EXTI1_IRQHandler
                0x0800089c                USART2_IRQHandler
                0x0800089c                I2C2_ER_IRQHandler
                0x0800089c                DMA2_Stream1_IRQHandler
                0x0800089c                CAN1_SCE_IRQHandler
                0x0800089c                FLASH_IRQHandler
                0x0800089c                DMA2_Stream4_IRQHandler
                0x0800089c                BusFault_Handler
                0x0800089c                USART1_IRQHandler
                0x0800089c                OTG_FS_IRQHandler
                0x0800089c                SPI3_IRQHandler
                0x0800089c                DMA1_Stream4_IRQHandler
                0x0800089c                I2C1_ER_IRQHandler
                0x0800089c                DMA2_Stream6_IRQHandler
                0x0800089c                DMA1_Stream3_IRQHandler
 .text.memset   0x0800089e       0x10 /opt/st/stm32cubeide_1.18.1/plugins/com.st.stm32cube.ide.mcu.externaltools.gnu-tools-for-stm32.13.3.rel1.linux64_1.0.0.202410170706/tools/bin/../lib/gcc/arm-none-eabi/13.3.1/../../../../arm-none-eabi/lib/thumb/v7e-m+fp/hard/libc_nano.a(libc_a-memset.o)
                0x0800089e                memset
 *fill*         0x080008ae        0x2 
 .text.__libc_init_array
                0x080008b0       0x48 /opt/st/stm32cubeide_1.18.1/plugins/com.st.stm32cube.ide.mcu.externaltools.gnu-tools-for-stm32.13.3.rel1.linux64_1.0.0.202410170706/tools/bin/../lib/gcc/arm-none-eabi/13.3.1/../../../../arm-none-eabi/lib/thumb/v7e-m+fp/hard/libc_nano.a(libc_a-init.o)
                0x080008b0                __libc_init_array
 *(.glue_7)
 .glue_7        0x080008f8        0x0 linker stubs
 *(.glue_7t)
 .glue_7t       0x080008f8        0x0 linker stubs
 *(.eh_frame)
 .eh_frame      0x080008f8        0x0 /opt/st/stm32cubeide_1.18.1/plugins/com.st.stm32cube.ide.mcu.externaltools.gnu-tools-for-stm32.13.3.rel1.linux64_1.0.0.202410170706/tools/bin/../lib/gcc/arm-none-eabi/13.3.1/thumb/v7e-m+fp/hard/crtbegin.o
 *(.init)
 .init          0x080008f8        0x4 /opt/st/stm32cubeide_1.18.1/plugins/com.st.stm32cube.ide.mcu.externaltools.gnu-tools-for-stm32.13.3.rel1.linux64_1.0.0.202410170706/tools/bin/../lib/gcc/arm-none-eabi/13.3.1/thumb/v7e-m+fp/hard/crti.o
                0x080008f8                _init
 .init          0x080008fc        0x8 /opt/st/stm32cubeide_1.18.1/plugins/com.st.stm32cube.ide.mcu.externaltools.gnu-tools-for-stm32.13.3.rel1.linux64_1.0.0.202410170706/tools/bin/../lib/gcc/arm-none-eabi/13.3.1/thumb/v7e-m+fp/hard/crtn.o
 *(.fini)
 .fini          0x08000904        0x4 /opt/st/stm32cubeide_1.18.1/plugins/com.st.stm32cube.ide.mcu.externaltools.gnu-tools-for-stm32.13.3.rel1.linux64_1.0.0.202410170706/tools/bin/../lib/gcc/arm-none-eabi/13.3.1/thumb/v7e-m+fp/hard/crti.o
                0x08000904                _fini
 .fini          0x08000908        0x8 /opt/st/stm32cubeide_1.18.1/plugins/com.st.stm32cube.ide.mcu.externaltools.gnu-tools-for-stm32.13.3.rel1.linux64_1.0.0.202410170706/tools/bin/../lib/gcc/arm-none-eabi/13.3.1/thumb/v7e-m+fp/hard/crtn.o
                0x08000910                        . = ALIGN (0x4)
                0x08000910                        _etext = .

.vfp11_veneer   0x08000910        0x0
 .vfp11_veneer  0x08000910        0x0 linker stubs

.v4_bx          0x08000910        0x0
 .v4_bx         0x08000910        0x0 linker stubs

.iplt           0x08000910        0x0
 .iplt          0x08000910        0x0 /opt/st/stm32cubeide_1.18.1/plugins/com.st.stm32cube.ide.mcu.externaltools.gnu-tools-for-stm32.13.3.rel1.linux64_1.0.0.202410170706/tools/bin/../lib/gcc/arm-none-eabi/13.3.1/thumb/v7e-m+fp/hard/crtbegin.o

.rodata         0x08000910        0x0
                0x08000910                        . = ALIGN (0x4)
 *(.rodata)
 *(.rodata*)
                0x08000910                        . = ALIGN (0x4)

.ARM.extab      0x08000910        0x0
                0x08000910                        . = ALIGN (0x4)
 *(.ARM.extab* .gnu.linkonce.armextab.*)
                0x08000910                        . = ALIGN (0x4)

.ARM            0x08000910        0x0
                0x08000910                        . = ALIGN (0x4)
                0x08000910                        __exidx_start = .
 *(.ARM.exidx*)
                0x08000910                        __exidx_end = .
                0x08000910                        . = ALIGN (0x4)

.preinit_array  0x08000910        0x0
                0x08000910                        . = ALIGN (0x4)
                0x08000910                        PROVIDE (__preinit_array_start = .)
 *(.preinit_array*)
                0x08000910                        PROVIDE (__preinit_array_end = .)
                0x08000910                        . = ALIGN (0x4)

.init_array     0x08000910        0x4
                0x08000910                        . = ALIGN (0x4)
                0x08000910                        PROVIDE (__init_array_start = .)
 *(SORT_BY_NAME(.init_array.*))
 *(.init_array*)
 .init_array    0x08000910        0x4 /opt/st/stm32cubeide_1.18.1/plugins/com.st.stm32cube.ide.mcu.externaltools.gnu-tools-for-stm32.13.3.rel1.linux64_1.0.0.202410170706/tools/bin/../lib/gcc/arm-none-eabi/13.3.1/thumb/v7e-m+fp/hard/crtbegin.o
                0x08000914                        PROVIDE (__init_array_end = .)
                0x08000914                        . = ALIGN (0x4)

.fini_array     0x08000914        0x4
                0x08000914                        . = ALIGN (0x4)
                [!provide]                        PROVIDE (__fini_array_start = .)
 *(SORT_BY_NAME(.fini_array.*))
 *(.fini_array*)
 .fini_array    0x08000914        0x4 /opt/st/stm32cubeide_1.18.1/plugins/com.st.stm32cube.ide.mcu.externaltools.gnu-tools-for-stm32.13.3.rel1.linux64_1.0.0.202410170706/tools/bin/../lib/gcc/arm-none-eabi/13.3.1/thumb/v7e-m+fp/hard/crtbegin.o
                [!provide]                        PROVIDE (__fini_array_end = .)
                0x08000918                        . = ALIGN (0x4)
                0x08000918                        _sidata = LOADADDR (.data)

.rel.dyn        0x08000918        0x0
 .rel.iplt      0x08000918        0x0 /opt/st/stm32cubeide_1.18.1/plugins/com.st.stm32cube.ide.mcu.externaltools.gnu-tools-for-stm32.13.3.rel1.linux64_1.0.0.202410170706/tools/bin/../lib/gcc/arm-none-eabi/13.3.1/thumb/v7e-m+fp/hard/crtbegin.o

.data           0x20000000        0x0 load address 0x08000918
                0x20000000                        . = ALIGN (0x4)
                0x20000000                        _sdata = .
 *(.data)
 *(.data*)
 *(.RamFunc)
 *(.RamFunc*)
                0x20000000                        . = ALIGN (0x4)
                0x20000000                        _edata = .
                0x08000918                        _siccmram = LOADADDR (.ccmram)

.igot.plt       0x20000000        0x0 load address 0x08000918
 .igot.plt      0x20000000        0x0 /opt/st/stm32cubeide_1.18.1/plugins/com.st.stm32cube.ide.mcu.externaltools.gnu-tools-for-stm32.13.3.rel1.linux64_1.0.0.202410170706/tools/bin/../lib/gcc/arm-none-eabi/13.3.1/thumb/v7e-m+fp/hard/crtbegin.o

.ccmram         0x10000000        0x0 load address 0x08000918
                0x10000000                        . = ALIGN (0x4)
                0x10000000                        _sccmram = .
 *(.ccmram)
 *(.ccmram*)
                0x10000000                        . = ALIGN (0x4)
                0x10000000                        _eccmram = .
                0x10000000                        . = ALIGN (0x4)

.bss            0x20000000       0x1c
                0x20000000                        _sbss = .
                0x20000000                        __bss_start__ = _sbss
 *(.bss)
 .bss           0x20000000       0x1c /opt/st/stm32cubeide_1.18.1/plugins/com.st.stm32cube.ide.mcu.externaltools.gnu-tools-for-stm32.13.3.rel1.linux64_1.0.0.202410170706/tools/bin/../lib/gcc/arm-none-eabi/13.3.1/thumb/v7e-m+fp/hard/crtbegin.o
 *(.bss*)
 *(COMMON)
                0x2000001c                        . = ALIGN (0x4)
                0x2000001c                        _ebss = .
                0x2000001c                        __bss_end__ = _ebss

._user_heap_stack
                0x2000001c      0x604
                0x20000020                        . = ALIGN (0x8)
 *fill*         0x2000001c        0x4 
                [!provide]                        PROVIDE (end = .)
                0x20000020                        PROVIDE (_end = .)
                0x20000220                        . = (. + _Min_Heap_Size)
 *fill*         0x20000020      0x200 
                0x20000620                        . = (. + _Min_Stack_Size)
 *fill*         0x20000220      0x400 
                0x20000620                        . = ALIGN (0x8)

/DISCARD/
 libc.a(*)
 libm.a(*)
 libgcc.a(*)

.ARM.attributes
                0x00000000       0x30
 *(.ARM.attributes)
 .ARM.attributes
                0x00000000       0x22 /opt/st/stm32cubeide_1.18.1/plugins/com.st.stm32cube.ide.mcu.externaltools.gnu-tools-for-stm32.13.3.rel1.linux64_1.0.0.202410170706/tools/bin/../lib/gcc/arm-none-eabi/13.3.1/thumb/v7e-m+fp/hard/crti.o
 .ARM.attributes
                0x00000022       0x34 /opt/st/stm32cubeide_1.18.1/plugins/com.st.stm32cube.ide.mcu.externaltools.gnu-tools-for-stm32.13.3.rel1.linux64_1.0.0.202410170706/tools/bin/../lib/gcc/arm-none-eabi/13.3.1/thumb/v7e-m+fp/hard/crtbegin.o
 .ARM.attributes
                0x00000056       0x34 ./Core/Src/button_led_irq.o
 .ARM.attributes
                0x0000008a       0x34 ./Core/Src/stm32f4xx_gpio_driver.o
 .ARM.attributes
                0x000000be       0x34 ./Core/Src/system_stm32f4xx.o
 .ARM.attributes
                0x000000f2       0x21 ./Core/Startup/startup_stm32f407vgtx.o
 .ARM.attributes
                0x00000113       0x34 /opt/st/stm32cubeide_1.18.1/plugins/com.st.stm32cube.ide.mcu.externaltools.gnu-tools-for-stm32.13.3.rel1.linux64_1.0.0.202410170706/tools/bin/../lib/gcc/arm-none-eabi/13.3.1/../../../../arm-none-eabi/lib/thumb/v7e-m+fp/hard/libc_nano.a(libc_a-memset.o)
 .ARM.attributes
                0x00000147       0x34 /opt/st/stm32cubeide_1.18.1/plugins/com.st.stm32cube.ide.mcu.externaltools.gnu-tools-for-stm32.13.3.rel1.linux64_1.0.0.202410170706/tools/bin/../lib/gcc/arm-none-eabi/13.3.1/../../../../arm-none-eabi/lib/thumb/v7e-m+fp/hard/libc_nano.a(libc_a-init.o)
 .ARM.attributes
                0x0000017b       0x22 /opt/st/stm32cubeide_1.18.1/plugins/com.st.stm32cube.ide.mcu.externaltools.gnu-tools-for-stm32.13.3.rel1.linux64_1.0.0.202410170706/tools/bin/../lib/gcc/arm-none-eabi/13.3.1/thumb/v7e-m+fp/hard/crtn.o
OUTPUT(new_f407G.elf elf32-littlearm)
LOAD linker stubs
LOAD /opt/st/stm32cubeide_1.18.1/plugins/com.st.stm32cube.ide.mcu.externaltools.gnu-tools-for-stm32.13.3.rel1.linux64_1.0.0.202410170706/tools/bin/../lib/gcc/arm-none-eabi/13.3.1/../../../../arm-none-eabi/lib/thumb/v7e-m+fp/hard/libc.a
LOAD /opt/st/stm32cubeide_1.18.1/plugins/com.st.stm32cube.ide.mcu.externaltools.gnu-tools-for-stm32.13.3.rel1.linux64_1.0.0.202410170706/tools/bin/../lib/gcc/arm-none-eabi/13.3.1/../../../../arm-none-eabi/lib/thumb/v7e-m+fp/hard/libm.a
LOAD /opt/st/stm32cubeide_1.18.1/plugins/com.st.stm32cube.ide.mcu.externaltools.gnu-tools-for-stm32.13.3.rel1.linux64_1.0.0.202410170706/tools/bin/../lib/gcc/arm-none-eabi/13.3.1/thumb/v7e-m+fp/hard/libgcc.a

.debug_info     0x00000000      0xf2a
 .debug_info    0x00000000      0x30a ./Core/Src/button_led_irq.o
 .debug_info    0x0000030a      0x6e5 ./Core/Src/stm32f4xx_gpio_driver.o
 .debug_info    0x000009ef      0x50b ./Core/Src/system_stm32f4xx.o
 .debug_info    0x00000efa       0x30 ./Core/Startup/startup_stm32f407vgtx.o

.debug_abbrev   0x00000000      0x46d
 .debug_abbrev  0x00000000      0x17d ./Core/Src/button_led_irq.o
 .debug_abbrev  0x0000017d      0x1b2 ./Core/Src/stm32f4xx_gpio_driver.o
 .debug_abbrev  0x0000032f      0x11a ./Core/Src/system_stm32f4xx.o
 .debug_abbrev  0x00000449       0x24 ./Core/Startup/startup_stm32f407vgtx.o

.debug_aranges  0x00000000       0xf0
 .debug_aranges
                0x00000000       0x30 ./Core/Src/button_led_irq.o
 .debug_aranges
                0x00000030       0x70 ./Core/Src/stm32f4xx_gpio_driver.o
 .debug_aranges
                0x000000a0       0x28 ./Core/Src/system_stm32f4xx.o
 .debug_aranges
                0x000000c8       0x28 ./Core/Startup/startup_stm32f407vgtx.o

.debug_rnglists
                0x00000000       0xa6
 .debug_rnglists
                0x00000000       0x20 ./Core/Src/button_led_irq.o
 .debug_rnglists
                0x00000020       0x53 ./Core/Src/stm32f4xx_gpio_driver.o
 .debug_rnglists
                0x00000073       0x1a ./Core/Src/system_stm32f4xx.o
 .debug_rnglists
                0x0000008d       0x19 ./Core/Startup/startup_stm32f407vgtx.o

.debug_macro    0x00000000    0x19029
 .debug_macro   0x00000000      0x1be ./Core/Src/button_led_irq.o
 .debug_macro   0x000001be      0xad2 ./Core/Src/button_led_irq.o
 .debug_macro   0x00000c90       0x2e ./Core/Src/button_led_irq.o
 .debug_macro   0x00000cbe       0x2f ./Core/Src/button_led_irq.o
 .debug_macro   0x00000ced       0x22 ./Core/Src/button_led_irq.o
 .debug_macro   0x00000d0f       0x8e ./Core/Src/button_led_irq.o
 .debug_macro   0x00000d9d       0x51 ./Core/Src/button_led_irq.o
 .debug_macro   0x00000dee      0x103 ./Core/Src/button_led_irq.o
 .debug_macro   0x00000ef1       0x6a ./Core/Src/button_led_irq.o
 .debug_macro   0x00000f5b      0x1df ./Core/Src/button_led_irq.o
 .debug_macro   0x0000113a       0x1c ./Core/Src/button_led_irq.o
 .debug_macro   0x00001156       0x22 ./Core/Src/button_led_irq.o
 .debug_macro   0x00001178       0xfb ./Core/Src/button_led_irq.o
 .debug_macro   0x00001273     0x1011 ./Core/Src/button_led_irq.o
 .debug_macro   0x00002284      0x11f ./Core/Src/button_led_irq.o
 .debug_macro   0x000023a3    0x15ea5 ./Core/Src/button_led_irq.o
 .debug_macro   0x00018248       0x6d ./Core/Src/button_led_irq.o
 .debug_macro   0x000182b5       0x61 ./Core/Src/button_led_irq.o
 .debug_macro   0x00018316       0x2a ./Core/Src/button_led_irq.o
 .debug_macro   0x00018340       0x43 ./Core/Src/button_led_irq.o
 .debug_macro   0x00018383       0x34 ./Core/Src/button_led_irq.o
 .debug_macro   0x000183b7      0x190 ./Core/Src/button_led_irq.o
 .debug_macro   0x00018547      0x370 ./Core/Src/button_led_irq.o
 .debug_macro   0x000188b7       0x16 ./Core/Src/button_led_irq.o
 .debug_macro   0x000188cd       0x4a ./Core/Src/button_led_irq.o
 .debug_macro   0x00018917       0x34 ./Core/Src/button_led_irq.o
 .debug_macro   0x0001894b       0x10 ./Core/Src/button_led_irq.o
 .debug_macro   0x0001895b       0x58 ./Core/Src/button_led_irq.o
 .debug_macro   0x000189b3       0x8e ./Core/Src/button_led_irq.o
 .debug_macro   0x00018a41       0x1c ./Core/Src/button_led_irq.o
 .debug_macro   0x00018a5d      0x185 ./Core/Src/button_led_irq.o
 .debug_macro   0x00018be2       0x10 ./Core/Src/button_led_irq.o
 .debug_macro   0x00018bf2       0x3c ./Core/Src/button_led_irq.o
 .debug_macro   0x00018c2e       0x20 ./Core/Src/button_led_irq.o
 .debug_macro   0x00018c4e      0x233 ./Core/Src/button_led_irq.o
 .debug_macro   0x00018e81       0xce ./Core/Src/stm32f4xx_gpio_driver.o
 .debug_macro   0x00018f4f       0xda ./Core/Src/system_stm32f4xx.o

.debug_line     0x00000000     0x13d0
 .debug_line    0x00000000      0x5e9 ./Core/Src/button_led_irq.o
 .debug_line    0x000005e9      0x8f7 ./Core/Src/stm32f4xx_gpio_driver.o
 .debug_line    0x00000ee0      0x476 ./Core/Src/system_stm32f4xx.o
 .debug_line    0x00001356       0x7a ./Core/Startup/startup_stm32f407vgtx.o

.debug_str      0x00000000    0x8c8af
 .debug_str     0x00000000    0x8c8af ./Core/Src/button_led_irq.o
                              0x8c704 (size before relaxing)
 .debug_str     0x0008c8af    0x88c4b ./Core/Src/stm32f4xx_gpio_driver.o
 .debug_str     0x0008c8af    0x88689 ./Core/Src/system_stm32f4xx.o
 .debug_str     0x0008c8af       0x86 ./Core/Startup/startup_stm32f407vgtx.o

.comment        0x00000000       0x43
 .comment       0x00000000       0x43 ./Core/Src/button_led_irq.o
                                 0x44 (size before relaxing)
 .comment       0x00000043       0x44 ./Core/Src/stm32f4xx_gpio_driver.o
 .comment       0x00000043       0x44 ./Core/Src/system_stm32f4xx.o

.debug_frame    0x00000000      0x2e0
 .debug_frame   0x00000000       0x74 ./Core/Src/button_led_irq.o
 .debug_frame   0x00000074      0x1c8 ./Core/Src/stm32f4xx_gpio_driver.o
 .debug_frame   0x0000023c       0x58 ./Core/Src/system_stm32f4xx.o
 .debug_frame   0x00000294       0x20 /opt/st/stm32cubeide_1.18.1/plugins/com.st.stm32cube.ide.mcu.externaltools.gnu-tools-for-stm32.13.3.rel1.linux64_1.0.0.202410170706/tools/bin/../lib/gcc/arm-none-eabi/13.3.1/../../../../arm-none-eabi/lib/thumb/v7e-m+fp/hard/libc_nano.a(libc_a-memset.o)
 .debug_frame   0x000002b4       0x2c /opt/st/stm32cubeide_1.18.1/plugins/com.st.stm32cube.ide.mcu.externaltools.gnu-tools-for-stm32.13.3.rel1.linux64_1.0.0.202410170706/tools/bin/../lib/gcc/arm-none-eabi/13.3.1/../../../../arm-none-eabi/lib/thumb/v7e-m+fp/hard/libc_nano.a(libc_a-init.o)

.debug_line_str
                0x00000000       0x6a
 .debug_line_str
                0x00000000       0x6a ./Core/Startup/startup_stm32f407vgtx.o
